2026-09-12 15:01:32 [INFO] tours.dataset: Train df runs from 2018-01-01 00:00:00 to 2023-12-31 00:00:00
2026-09-12 15:01:32 [INFO] tours.dataset: Val df runs from 2024-01-01 00:00:00 to 2025-04-30 00:00:00
2026-09-12 15:01:32 [INFO] tours.dataset: Test df runs from 2025-05-01 00:00:00 to 2026-08-01 00:00:00
2026-09-12 15:03:31 [INFO] tours.dataset: Train df runs from 2018-01-01 00:00:00 to 2023-12-31 00:00:00
2026-09-12 15:03:31 [INFO] tours.dataset: Val df runs from 2024-01-01 00:00:00 to 2025-04-30 00:00:00
2026-09-12 15:03:31 [INFO] tours.dataset: Test df runs from 2025-05-01 00:00:00 to 2026-08-01 00:00:00
2026-09-12 15:03:32 [INFO] __main__: Train df runs from 2018-01-01 00:00:00 to 2023-12-31 00:00:00
2026-09-12 15:03:32 [INFO] __main__: Val df runs from 2024-01-01 00:00:00 to 2025-04-30 00:00:00
2026-09-12 15:03:32 [INFO] __main__: Test df runs from 2025-05-01 00:00:00 to 2026-08-01 00:00:00
2026-09-13 07:50:03 [INFO] __main__: Train df runs from 2018-01-01 00:00:00 to 2023-12-31 00:00:00
2026-09-13 07:50:03 [INFO] __main__: Val df runs from 2024-01-01 00:00:00 to 2025-04-30 00:00:00
2026-09-13 07:50:03 [INFO] __main__: Test df runs from 2025-05-01 00:00:00 to 2026-08-01 00:00:00
2026-09-13 07:50:03 [INFO] __main__: Naive forecast: last value = 184.5
2026-09-13 07:50:26 [INFO] __main__: Train df runs from 2018-01-01 00:00:00 to 2023-12-31 00:00:00
2026-09-13 07:50:26 [INFO] __main__: Val df runs from 2024-01-01 00:00:00 to 2025-04-30 00:00:00
2026-09-13 07:50:26 [INFO] __main__: Test df runs from 2025-05-01 00:00:00 to 2026-08-01 00:00:00
2026-09-13 07:50:26 [INFO] __main__: Naive forecast: last value = 184.5
2026-09-13 07:51:54 [INFO] __main__: Train df runs from 2018-01-01 00:00:00 to 2023-12-31 00:00:00
2026-09-13 07:51:54 [INFO] __main__: Val df runs from 2024-01-01 00:00:00 to 2025-04-30 00:00:00
2026-09-13 07:51:54 [INFO] __main__: Test df runs from 2025-05-01 00:00:00 to 2026-08-01 00:00:00
2026-09-13 07:51:54 [INFO] __main__: Naive forecast: last value = 184.5
2026-09-13 07:51:54 [INFO] __main__: Naive forecast: last value = 184.5
2026-09-13 07:56:41 [INFO] __main__: Train df runs from 2018-01-01 00:00:00 to 2023-12-31 00:00:00
2026-09-13 07:56:41 [INFO] __main__: Val df runs from 2024-01-01 00:00:00 to 2025-04-30 00:00:00
2026-09-13 07:56:41 [INFO] __main__: Test df runs from 2025-05-01 00:00:00 to 2026-08-01 00:00:00
2026-09-13 07:56:41 [INFO] __main__: Naive forecast: last value = 184.5
2026-09-13 07:56:41 [INFO] __main__: Naive forecast: last value = 184.5
2026-09-13 07:58:52 [INFO] tours.dataset: Train df runs from 2018-01-01 00:00:00 to 2023-12-31 00:00:00
2026-09-13 07:58:52 [INFO] tours.dataset: Val df runs from 2024-01-01 00:00:00 to 2025-04-30 00:00:00
2026-09-13 07:58:52 [INFO] tours.dataset: Test df runs from 2025-05-01 00:00:00 to 2026-08-01 00:00:00
2026-09-13 07:58:52 [INFO] __main__: Train df runs from 2018-01-01 00:00:00 to 2023-12-31 00:00:00
2026-09-13 07:58:52 [INFO] __main__: Val df runs from 2024-01-01 00:00:00 to 2025-04-30 00:00:00
2026-09-13 07:58:52 [INFO] __main__: Test df runs from 2025-05-01 00:00:00 to 2026-08-01 00:00:00
2026-09-13 07:58:53 [INFO] __main__: Train df runs from 2018-01-01 00:00:00 to 2023-12-31 00:00:00
2026-09-13 07:58:53 [INFO] __main__: Val df runs from 2024-01-01 00:00:00 to 2025-04-30 00:00:00
2026-09-13 07:58:53 [INFO] __main__: Test df runs from 2025-05-01 00:00:00 to 2026-08-01 00:00:00
2026-09-13 07:58:53 [INFO] __main__: Naive forecast: last value = 184.5
2026-09-13 07:58:53 [INFO] __main__: Naive forecast: last value = 184.5
2026-09-13 08:05:06 [INFO] tours.dataset: Train df runs from 2018-01-01 00:00:00 to 2023-12-31 00:00:00
2026-09-13 08:05:06 [INFO] tours.dataset: Val df runs from 2024-01-01 00:00:00 to 2025-04-30 00:00:00
2026-09-13 08:05:06 [INFO] tours.dataset: Test df runs from 2025-05-01 00:00:00 to 2026-08-01 00:00:00
2026-09-13 08:05:09 [INFO] __main__: Train df runs from 2018-01-01 00:00:00 to 2023-12-31 00:00:00
2026-09-13 08:05:09 [INFO] __main__: Val df runs from 2024-01-01 00:00:00 to 2025-04-30 00:00:00
2026-09-13 08:05:09 [INFO] __main__: Test df runs from 2025-05-01 00:00:00 to 2026-08-01 00:00:00
2026-09-13 08:05:11 [INFO] __main__: Train df runs from 2018-01-01 00:00:00 to 2023-12-31 00:00:00
2026-09-13 08:05:11 [INFO] __main__: Val df runs from 2024-01-01 00:00:00 to 2025-04-30 00:00:00
2026-09-13 08:05:11 [INFO] __main__: Test df runs from 2025-05-01 00:00:00 to 2026-08-01 00:00:00
2026-09-13 08:05:11 [INFO] __main__: Naive forecast: last value = 184.5
2026-09-13 08:05:11 [INFO] __main__: Naive forecast: last value = 184.5
2026-09-13 08:25:45 [INFO] tours.dataset: Train df runs from 2018-01-01 00:00:00 to 2023-12-31 00:00:00
2026-09-13 08:25:45 [INFO] tours.dataset: Val df runs from 2024-01-01 00:00:00 to 2025-04-30 00:00:00
2026-09-13 08:25:45 [INFO] tours.dataset: Test df runs from 2025-05-01 00:00:00 to 2026-08-01 00:00:00
2026-09-13 08:25:45 [INFO] __main__: Train df runs from 2018-01-01 00:00:00 to 2023-12-31 00:00:00
2026-09-13 08:25:45 [INFO] __main__: Val df runs from 2024-01-01 00:00:00 to 2025-04-30 00:00:00
2026-09-13 08:25:45 [INFO] __main__: Test df runs from 2025-05-01 00:00:00 to 2026-08-01 00:00:00
2026-09-13 08:25:46 [INFO] __main__: Train df runs from 2018-01-01 00:00:00 to 2023-12-31 00:00:00
2026-09-13 08:25:46 [INFO] __main__: Val df runs from 2024-01-01 00:00:00 to 2025-04-30 00:00:00
2026-09-13 08:25:46 [INFO] __main__: Test df runs from 2025-05-01 00:00:00 to 2026-08-01 00:00:00
2026-09-13 08:25:46 [INFO] __main__: Naive forecast: last value = 184.5
2026-09-13 08:25:46 [INFO] __main__: Naive forecast: last value = 184.5
2026-09-13 08:30:23 [INFO] tours.dataset: Train df runs from 2018-01-01 00:00:00 to 2023-12-31 00:00:00
2026-09-13 08:30:23 [INFO] tours.dataset: Val df runs from 2024-01-01 00:00:00 to 2025-04-30 00:00:00
2026-09-13 08:30:23 [INFO] tours.dataset: Test df runs from 2025-05-01 00:00:00 to 2026-08-01 00:00:00
2026-09-13 08:30:24 [INFO] __main__: Train df runs from 2018-01-01 00:00:00 to 2023-12-31 00:00:00
2026-09-13 08:30:24 [INFO] __main__: Val df runs from 2024-01-01 00:00:00 to 2025-04-30 00:00:00
2026-09-13 08:30:24 [INFO] __main__: Test df runs from 2025-05-01 00:00:00 to 2026-08-01 00:00:00
2026-09-13 08:30:26 [INFO] __main__: Train df runs from 2018-01-01 00:00:00 to 2023-12-31 00:00:00
2026-09-13 08:30:26 [INFO] __main__: Val df runs from 2024-01-01 00:00:00 to 2025-04-30 00:00:00
2026-09-13 08:30:26 [INFO] __main__: Test df runs from 2025-05-01 00:00:00 to 2026-08-01 00:00:00
2026-09-13 08:30:26 [INFO] __main__: Naive forecast: last value = 184.5
2026-09-13 08:30:26 [INFO] __main__: Naive forecast: last value = 184.5
2026-09-13 08:36:22 [INFO] tours.dataset: Train df runs from 2018-01-01 00:00:00 to 2023-12-31 00:00:00
2026-09-13 08:36:22 [INFO] tours.dataset: Val df runs from 2024-01-01 00:00:00 to 2025-04-30 00:00:00
2026-09-13 08:36:22 [INFO] tours.dataset: Test df runs from 2025-05-01 00:00:00 to 2026-08-01 00:00:00
2026-09-13 08:36:22 [INFO] __main__: Train df runs from 2018-01-01 00:00:00 to 2023-12-31 00:00:00
2026-09-13 08:36:22 [INFO] __main__: Val df runs from 2024-01-01 00:00:00 to 2025-04-30 00:00:00
2026-09-13 08:36:22 [INFO] __main__: Test df runs from 2025-05-01 00:00:00 to 2026-08-01 00:00:00
2026-09-13 08:36:24 [INFO] __main__: Train df runs from 2018-01-01 00:00:00 to 2023-12-31 00:00:00
2026-09-13 08:36:24 [INFO] __main__: Val df runs from 2024-01-01 00:00:00 to 2025-04-30 00:00:00
2026-09-13 08:36:24 [INFO] __main__: Test df runs from 2025-05-01 00:00:00 to 2026-08-01 00:00:00
2026-09-13 08:36:24 [INFO] __main__: Naive forecast: last value = 184.5
2026-09-13 08:36:24 [INFO] __main__: Naive forecast: last value = 184.5
2026-09-13 09:06:59 [INFO] tours.dataset: Train df runs from 2018-01-01 00:00:00 to 2023-12-31 00:00:00
2026-09-13 09:06:59 [INFO] tours.dataset: Val df runs from 2024-01-01 00:00:00 to 2025-04-30 00:00:00
2026-09-13 09:06:59 [INFO] tours.dataset: Test df runs from 2025-05-01 00:00:00 to 2026-08-01 00:00:00
2026-09-13 09:06:59 [INFO] __main__: Train df runs from 2018-01-01 00:00:00 to 2023-12-31 00:00:00
2026-09-13 09:06:59 [INFO] __main__: Val df runs from 2024-01-01 00:00:00 to 2025-04-30 00:00:00
2026-09-13 09:06:59 [INFO] __main__: Test df runs from 2025-05-01 00:00:00 to 2026-08-01 00:00:00
2026-09-13 09:07:01 [INFO] __main__: Train df runs from 2018-01-01 00:00:00 to 2023-12-31 00:00:00
2026-09-13 09:07:01 [INFO] __main__: Val df runs from 2024-01-01 00:00:00 to 2025-04-30 00:00:00
2026-09-13 09:07:01 [INFO] __main__: Test df runs from 2025-05-01 00:00:00 to 2026-08-01 00:00:00
2026-09-13 09:07:01 [INFO] __main__: Naive forecast: last value = 184.5
2026-09-13 09:07:01 [INFO] __main__: Naive forecast: last value = 184.5
2026-09-13 09:11:39 [INFO] tours.dataset: Train df runs from 2018-01-01 00:00:00 to 2023-12-31 00:00:00
2026-09-13 09:11:39 [INFO] tours.dataset: Val df runs from 2024-01-01 00:00:00 to 2025-04-30 00:00:00
2026-09-13 09:11:39 [INFO] tours.dataset: Test df runs from 2025-05-01 00:00:00 to 2026-08-01 00:00:00
2026-09-13 09:13:18 [INFO] tours.dataset: Train df runs from 2018-01-01 00:00:00 to 2023-12-31 00:00:00
2026-09-13 09:13:18 [INFO] tours.dataset: Val df runs from 2024-01-01 00:00:00 to 2025-04-30 00:00:00
2026-09-13 09:13:18 [INFO] tours.dataset: Test df runs from 2025-05-01 00:00:00 to 2026-08-01 00:00:00
2026-09-13 09:13:19 [INFO] __main__: Train df runs from 2018-01-01 00:00:00 to 2023-12-31 00:00:00
2026-09-13 09:13:19 [INFO] __main__: Val df runs from 2024-01-01 00:00:00 to 2025-04-30 00:00:00
2026-09-13 09:13:19 [INFO] __main__: Test df runs from 2025-05-01 00:00:00 to 2026-08-01 00:00:00
2026-09-13 09:13:36 [INFO] tours.dataset: Train df runs from 2018-01-01 00:00:00 to 2023-12-31 00:00:00
2026-09-13 09:13:36 [INFO] tours.dataset: Val df runs from 2024-01-01 00:00:00 to 2025-04-30 00:00:00
2026-09-13 09:13:36 [INFO] tours.dataset: Test df runs from 2025-05-01 00:00:00 to 2026-08-01 00:00:00
2026-09-13 09:13:36 [INFO] __main__: Train df runs from 2018-01-01 00:00:00 to 2023-12-31 00:00:00
2026-09-13 09:13:36 [INFO] __main__: Val df runs from 2024-01-01 00:00:00 to 2025-04-30 00:00:00
2026-09-13 09:13:36 [INFO] __main__: Test df runs from 2025-05-01 00:00:00 to 2026-08-01 00:00:00
2026-09-13 09:13:56 [INFO] tours.dataset: Train df runs from 2018-01-01 00:00:00 to 2023-12-31 00:00:00
2026-09-13 09:13:56 [INFO] tours.dataset: Val df runs from 2024-01-01 00:00:00 to 2025-04-30 00:00:00
2026-09-13 09:13:56 [INFO] tours.dataset: Test df runs from 2025-05-01 00:00:00 to 2026-08-01 00:00:00
2026-09-13 09:13:56 [INFO] __main__: Train df runs from 2018-01-01 00:00:00 to 2023-12-31 00:00:00
2026-09-13 09:13:56 [INFO] __main__: Val df runs from 2024-01-01 00:00:00 to 2025-04-30 00:00:00
2026-09-13 09:13:56 [INFO] __main__: Test df runs from 2025-05-01 00:00:00 to 2026-08-01 00:00:00
2026-09-13 09:14:07 [INFO] tours.dataset: Train df runs from 2018-01-01 00:00:00 to 2023-12-31 00:00:00
2026-09-13 09:14:07 [INFO] tours.dataset: Val df runs from 2024-01-01 00:00:00 to 2025-04-30 00:00:00
2026-09-13 09:14:07 [INFO] tours.dataset: Test df runs from 2025-05-01 00:00:00 to 2026-08-01 00:00:00
2026-09-13 09:14:07 [INFO] __main__: Train df runs from 2018-01-01 00:00:00 to 2023-12-31 00:00:00
2026-09-13 09:14:07 [INFO] __main__: Val df runs from 2024-01-01 00:00:00 to 2025-04-30 00:00:00
2026-09-13 09:14:07 [INFO] __main__: Test df runs from 2025-05-01 00:00:00 to 2026-08-01 00:00:00
2026-09-13 09:14:39 [INFO] tours.dataset: Train df runs from 2018-01-01 00:00:00 to 2023-12-31 00:00:00
2026-09-13 09:14:39 [INFO] tours.dataset: Val df runs from 2024-01-01 00:00:00 to 2025-04-30 00:00:00
2026-09-13 09:14:39 [INFO] tours.dataset: Test df runs from 2025-05-01 00:00:00 to 2026-08-01 00:00:00
2026-09-13 09:14:40 [INFO] __main__: Train df runs from 2018-01-01 00:00:00 to 2023-12-31 00:00:00
2026-09-13 09:14:40 [INFO] __main__: Val df runs from 2024-01-01 00:00:00 to 2025-04-30 00:00:00
2026-09-13 09:14:40 [INFO] __main__: Test df runs from 2025-05-01 00:00:00 to 2026-08-01 00:00:00
2026-09-13 09:21:21 [INFO] tours.dataset: Train df runs from 2018-01-01 00:00:00 to 2023-12-31 00:00:00
2026-09-13 09:21:21 [INFO] tours.dataset: Val df runs from 2024-01-01 00:00:00 to 2025-04-30 00:00:00
2026-09-13 09:21:21 [INFO] tours.dataset: Test df runs from 2025-05-01 00:00:00 to 2026-08-01 00:00:00
2026-09-13 09:21:22 [INFO] __main__: Train df runs from 2018-01-01 00:00:00 to 2023-12-31 00:00:00
2026-09-13 09:21:22 [INFO] __main__: Val df runs from 2024-01-01 00:00:00 to 2025-04-30 00:00:00
2026-09-13 09:21:22 [INFO] __main__: Test df runs from 2025-05-01 00:00:00 to 2026-08-01 00:00:00
2026-09-13 09:21:24 [INFO] __main__: Train df runs from 2018-01-01 00:00:00 to 2023-12-31 00:00:00
2026-09-13 09:21:24 [INFO] __main__: Val df runs from 2024-01-01 00:00:00 to 2025-04-30 00:00:00
2026-09-13 09:21:24 [INFO] __main__: Test df runs from 2025-05-01 00:00:00 to 2026-08-01 00:00:00
2026-09-13 09:21:24 [INFO] tours.models: Naive forecast: last value = 184.5
2026-09-13 09:21:44 [INFO] tours.models: Naive forecast: last value = 184.5
2026-09-13 09:23:08 [INFO] tours.models: Naive forecast: last value = 184.5
2026-09-13 09:24:06 [INFO] tours.models: Naive forecast: last value = 184.5
2026-09-13 09:24:21 [INFO] tours.models: Naive forecast: last value = 184.5
2026-09-13 09:24:26 [INFO] tours.models: Naive forecast: last value = 184.5
2026-09-13 09:24:37 [INFO] tours.models: Naive forecast: last value = 184.5
2026-09-13 09:36:22 [INFO] tours.models: Naive forecast: last value = 184.5
2026-09-13 09:38:34 [INFO] tours.models: Naive forecast: last value = 184.5
2026-09-13 10:16:00 [INFO] tours.models: Naive forecast: last value = 184.5
2026-09-13 10:17:19 [INFO] tours.models: Naive forecast: last value = 184.5
2026-09-14 08:40:40 [INFO] tours.dataset: Train df runs from 2018-01-01 00:00:00 to 2023-12-31 00:00:00
2026-09-14 08:40:40 [INFO] tours.dataset: Val df runs from 2024-01-01 00:00:00 to 2025-04-30 00:00:00
2026-09-14 08:40:40 [INFO] tours.dataset: Test df runs from 2025-05-01 00:00:00 to 2026-08-01 00:00:00
2026-09-14 08:49:54 [INFO] tours.dataset: Train df runs from 2018-01-01 00:00:00 to 2023-12-31 00:00:00
2026-09-14 08:49:54 [INFO] tours.dataset: Val df runs from 2024-01-01 00:00:00 to 2025-04-30 00:00:00
2026-09-14 08:49:54 [INFO] tours.dataset: Test df runs from 2025-05-01 00:00:00 to 2026-08-01 00:00:00
2026-09-14 18:52:55 [INFO] tours.dataset: Train df runs from 2018-01-01 00:00:00 to 2023-12-31 00:00:00
2026-09-14 18:52:55 [INFO] tours.dataset: Val df runs from 2024-01-01 00:00:00 to 2025-04-30 00:00:00
2026-09-14 18:52:55 [INFO] tours.dataset: Test df runs from 2025-05-01 00:00:00 to 2026-08-01 00:00:00
2026-09-14 18:56:31 [INFO] tours.dataset: Train df runs from 2018-01-01 00:00:00 to 2023-12-31 00:00:00
2026-09-14 18:56:31 [INFO] tours.dataset: Val df runs from 2024-01-01 00:00:00 to 2025-04-30 00:00:00
2026-09-14 18:56:31 [INFO] tours.dataset: Test df runs from 2025-05-01 00:00:00 to 2026-08-01 00:00:00
2026-09-15 13:11:24 [INFO] tours.dataset: Train df runs from 2018-01-01 00:00:00 to 2023-12-31 00:00:00
2026-09-15 13:11:24 [INFO] tours.dataset: Val df runs from 2024-01-01 00:00:00 to 2025-04-30 00:00:00
2026-09-15 13:11:24 [INFO] tours.dataset: Test df runs from 2025-05-01 00:00:00 to 2026-08-01 00:00:00
2026-09-15 13:17:05 [INFO] tours.dataset: Train df runs from 2018-01-01 00:00:00 to 2023-12-31 00:00:00
2026-09-15 13:17:05 [INFO] tours.dataset: Val df runs from 2024-01-01 00:00:00 to 2025-04-30 00:00:00
2026-09-15 13:17:05 [INFO] tours.dataset: Test df runs from 2025-05-01 00:00:00 to 2026-08-01 00:00:00
2026-09-15 13:17:05 [INFO] __main__: Train df runs from 2018-01-01 00:00:00 to 2023-12-31 00:00:00
2026-09-15 13:17:05 [INFO] __main__: Val df runs from 2024-01-01 00:00:00 to 2025-04-30 00:00:00
2026-09-15 13:17:05 [INFO] __main__: Test df runs from 2025-05-01 00:00:00 to 2026-08-01 00:00:00
2026-09-15 13:17:07 [INFO] __main__: Train df runs from 2018-01-01 00:00:00 to 2023-12-31 00:00:00
2026-09-15 13:17:07 [INFO] __main__: Val df runs from 2024-01-01 00:00:00 to 2025-04-30 00:00:00
2026-09-15 13:17:07 [INFO] __main__: Test df runs from 2025-05-01 00:00:00 to 2026-08-01 00:00:00
2026-09-15 13:17:07 [INFO] tours.models: Naive forecast: last value = 184.5
2026-09-15 15:57:11 [INFO] tours.dataset: Train df runs from 2018-01-01 00:00:00 to 2023-12-31 00:00:00
2026-09-15 15:57:11 [INFO] tours.dataset: Val df runs from 2024-01-01 00:00:00 to 2025-04-30 00:00:00
2026-09-15 15:57:11 [INFO] tours.dataset: Test df runs from 2025-05-01 00:00:00 to 2026-08-01 00:00:00
2026-09-15 15:57:12 [INFO] __main__: Train df runs from 2018-01-01 00:00:00 to 2023-12-31 00:00:00
2026-09-15 15:57:12 [INFO] __main__: Val df runs from 2024-01-01 00:00:00 to 2025-04-30 00:00:00
2026-09-15 15:57:12 [INFO] __main__: Test df runs from 2025-05-01 00:00:00 to 2026-08-01 00:00:00
2026-09-15 15:57:13 [INFO] __main__: Train df runs from 2018-01-01 00:00:00 to 2023-12-31 00:00:00
2026-09-15 15:57:13 [INFO] __main__: Val df runs from 2024-01-01 00:00:00 to 2025-04-30 00:00:00
2026-09-15 15:57:13 [INFO] __main__: Test df runs from 2025-05-01 00:00:00 to 2026-08-01 00:00:00
2026-09-15 15:57:13 [INFO] tours.models: Naive forecast: last value = 184.5
2026-09-15 15:57:17 [INFO] __main__: Train df runs from 2018-01-01 00:00:00 to 2023-12-31 00:00:00
2026-09-15 15:57:17 [INFO] __main__: Val df runs from 2024-01-01 00:00:00 to 2025-04-30 00:00:00
2026-09-15 15:57:17 [INFO] __main__: Test df runs from 2025-05-01 00:00:00 to 2026-08-01 00:00:00
2026-09-15 15:57:19 [INFO] __main__: Train df runs from 2018-01-01 00:00:00 to 2023-12-31 00:00:00
2026-09-15 15:57:19 [INFO] __main__: Val df runs from 2024-01-01 00:00:00 to 2025-04-30 00:00:00
2026-09-15 15:57:19 [INFO] __main__: Test df runs from 2025-05-01 00:00:00 to 2026-08-01 00:00:00
2026-09-15 15:57:19 [INFO] tours.models: Naive forecast: last value = 184.5
2026-09-15 16:00:17 [INFO] __main__: Train df runs from 2018-01-01 00:00:00 to 2023-12-31 00:00:00
2026-09-15 16:00:17 [INFO] __main__: Val df runs from 2024-01-01 00:00:00 to 2025-04-30 00:00:00
2026-09-15 16:00:17 [INFO] __main__: Test df runs from 2025-05-01 00:00:00 to 2026-08-01 00:00:00
2026-09-15 16:00:18 [INFO] __main__: Train df runs from 2018-01-01 00:00:00 to 2023-12-31 00:00:00
2026-09-15 16:00:18 [INFO] __main__: Val df runs from 2024-01-01 00:00:00 to 2025-04-30 00:00:00
2026-09-15 16:00:18 [INFO] __main__: Test df runs from 2025-05-01 00:00:00 to 2026-08-01 00:00:00
2026-09-15 16:00:18 [INFO] tours.models: Naive forecast: last value = 184.5
2026-09-15 16:10:14 [INFO] tours.dataset: Train df runs from 2018-01-01 00:00:00 to 2023-12-31 00:00:00
2026-09-15 16:10:14 [INFO] tours.dataset: Val df runs from 2024-01-01 00:00:00 to 2025-04-30 00:00:00
2026-09-15 16:10:14 [INFO] tours.dataset: Test df runs from 2025-05-01 00:00:00 to 2026-08-01 00:00:00
2026-09-15 16:10:14 [INFO] __main__: Train df runs from 2018-01-01 00:00:00 to 2023-12-31 00:00:00
2026-09-15 16:10:14 [INFO] __main__: Val df runs from 2024-01-01 00:00:00 to 2025-04-30 00:00:00
2026-09-15 16:10:14 [INFO] __main__: Test df runs from 2025-05-01 00:00:00 to 2026-08-01 00:00:00
2026-09-15 16:10:15 [INFO] __main__: Train df runs from 2018-01-01 00:00:00 to 2023-12-31 00:00:00
2026-09-15 16:10:15 [INFO] __main__: Val df runs from 2024-01-01 00:00:00 to 2025-04-30 00:00:00
2026-09-15 16:10:15 [INFO] __main__: Test df runs from 2025-05-01 00:00:00 to 2026-08-01 00:00:00
2026-09-15 16:10:16 [INFO] tours.models: Naive forecast: last value = 184.5
2026-09-15 16:11:28 [INFO] tours.dataset: Train df runs from 2018-01-01 00:00:00 to 2023-12-31 00:00:00
2026-09-15 16:11:28 [INFO] tours.dataset: Val df runs from 2024-01-01 00:00:00 to 2025-04-30 00:00:00
2026-09-15 16:11:28 [INFO] tours.dataset: Test df runs from 2025-05-01 00:00:00 to 2026-08-01 00:00:00
2026-09-15 16:11:29 [INFO] __main__: Train df runs from 2018-01-01 00:00:00 to 2023-12-31 00:00:00
2026-09-15 16:11:29 [INFO] __main__: Val df runs from 2024-01-01 00:00:00 to 2025-04-30 00:00:00
2026-09-15 16:11:29 [INFO] __main__: Test df runs from 2025-05-01 00:00:00 to 2026-08-01 00:00:00
2026-09-15 16:11:31 [INFO] __main__: Train df runs from 2018-01-01 00:00:00 to 2023-12-31 00:00:00
2026-09-15 16:11:31 [INFO] __main__: Val df runs from 2024-01-01 00:00:00 to 2025-04-30 00:00:00
2026-09-15 16:11:31 [INFO] __main__: Test df runs from 2025-05-01 00:00:00 to 2026-08-01 00:00:00
2026-09-15 16:11:31 [INFO] tours.models: Naive forecast: last value = 184.5
2026-09-15 16:27:50 [INFO] tours.dataset: Train df runs from 2018-01-01 00:00:00 to 2023-12-31 00:00:00
2026-09-15 16:27:50 [INFO] tours.dataset: Val df runs from 2024-01-01 00:00:00 to 2025-04-30 00:00:00
2026-09-15 16:27:50 [INFO] tours.dataset: Test df runs from 2025-05-01 00:00:00 to 2026-08-01 00:00:00
2026-09-15 16:56:45 [INFO] tours.dataset: Train df runs from 2018-01-01 00:00:00 to 2023-12-31 00:00:00
2026-09-15 16:56:45 [INFO] tours.dataset: Val df runs from 2024-01-01 00:00:00 to 2025-04-30 00:00:00
2026-09-15 16:56:45 [INFO] tours.dataset: Test df runs from 2025-05-01 00:00:00 to 2026-08-01 00:00:00
2026-09-15 16:56:46 [INFO] __main__: Train df runs from 2018-01-01 00:00:00 to 2023-12-31 00:00:00
2026-09-15 16:56:46 [INFO] __main__: Val df runs from 2024-01-01 00:00:00 to 2025-04-30 00:00:00
2026-09-15 16:56:46 [INFO] __main__: Test df runs from 2025-05-01 00:00:00 to 2026-08-01 00:00:00
2026-09-15 16:56:48 [INFO] __main__: Train df runs from 2018-01-01 00:00:00 to 2023-12-31 00:00:00
2026-09-15 16:56:48 [INFO] __main__: Val df runs from 2024-01-01 00:00:00 to 2025-04-30 00:00:00
2026-09-15 16:56:48 [INFO] __main__: Test df runs from 2025-05-01 00:00:00 to 2026-08-01 00:00:00
2026-09-15 16:56:48 [INFO] tours.models: Naive forecast: last value = 184.5
2026-09-16 08:49:07 [INFO] tours.dataset: Train df runs from 2018-01-01 00:00:00 to 2023-12-31 00:00:00
2026-09-16 08:49:07 [INFO] tours.dataset: Val df runs from 2024-01-01 00:00:00 to 2025-04-30 00:00:00
2026-09-16 08:49:07 [INFO] tours.dataset: Test df runs from 2025-05-01 00:00:00 to 2026-08-01 00:00:00
2026-09-16 08:49:07 [INFO] __main__: Train df runs from 2018-01-01 00:00:00 to 2023-12-31 00:00:00
2026-09-16 08:49:07 [INFO] __main__: Val df runs from 2024-01-01 00:00:00 to 2025-04-30 00:00:00
2026-09-16 08:49:07 [INFO] __main__: Test df runs from 2025-05-01 00:00:00 to 2026-08-01 00:00:00
2026-09-16 08:49:09 [INFO] __main__: Train df runs from 2018-01-01 00:00:00 to 2023-12-31 00:00:00
2026-09-16 08:49:09 [INFO] __main__: Val df runs from 2024-01-01 00:00:00 to 2025-04-30 00:00:00
2026-09-16 08:49:09 [INFO] __main__: Test df runs from 2025-05-01 00:00:00 to 2026-08-01 00:00:00
2026-09-16 08:49:09 [INFO] tours.models: Naive forecast: last value = 184.5
2026-09-16 08:49:33 [INFO] tours.dataset: Train df runs from 2018-01-01 00:00:00 to 2023-12-31 00:00:00
2026-09-16 08:49:33 [INFO] tours.dataset: Val df runs from 2024-01-01 00:00:00 to 2025-04-30 00:00:00
2026-09-16 08:49:33 [INFO] tours.dataset: Test df runs from 2025-05-01 00:00:00 to 2026-08-01 00:00:00
2026-09-16 08:49:34 [INFO] __main__: Train df runs from 2018-01-01 00:00:00 to 2023-12-31 00:00:00
2026-09-16 08:49:34 [INFO] __main__: Val df runs from 2024-01-01 00:00:00 to 2025-04-30 00:00:00
2026-09-16 08:49:34 [INFO] __main__: Test df runs from 2025-05-01 00:00:00 to 2026-08-01 00:00:00
2026-09-16 08:49:35 [INFO] __main__: Train df runs from 2018-01-01 00:00:00 to 2023-12-31 00:00:00
2026-09-16 08:49:35 [INFO] __main__: Val df runs from 2024-01-01 00:00:00 to 2025-04-30 00:00:00
2026-09-16 08:49:35 [INFO] __main__: Test df runs from 2025-05-01 00:00:00 to 2026-08-01 00:00:00
2026-09-16 08:49:35 [INFO] tours.models: Naive forecast: last value = 184.5
2026-09-16 11:34:55 [INFO] tours.dataset: Train df runs from 2018-01-01 00:00:00 to 2023-12-31 00:00:00
2026-09-16 11:34:55 [INFO] tours.dataset: Val df runs from 2024-01-01 00:00:00 to 2025-04-30 00:00:00
2026-09-16 11:34:55 [INFO] tours.dataset: Test df runs from 2025-05-01 00:00:00 to 2026-08-01 00:00:00
2026-09-16 12:59:05 [INFO] tours.dataset: Train df runs from 2018-01-01 00:00:00 to 2023-12-31 00:00:00
2026-09-16 12:59:05 [INFO] tours.dataset: Val df runs from 2024-01-01 00:00:00 to 2025-04-30 00:00:00
2026-09-16 12:59:05 [INFO] tours.dataset: Test df runs from 2025-05-01 00:00:00 to 2026-08-01 00:00:00
2026-09-16 12:59:06 [INFO] __main__: Train df runs from 2018-01-01 00:00:00 to 2023-12-31 00:00:00
2026-09-16 12:59:06 [INFO] __main__: Val df runs from 2024-01-01 00:00:00 to 2025-04-30 00:00:00
2026-09-16 12:59:06 [INFO] __main__: Test df runs from 2025-05-01 00:00:00 to 2026-08-01 00:00:00
2026-09-16 12:59:08 [INFO] __main__: Train df runs from 2018-01-01 00:00:00 to 2023-12-31 00:00:00
2026-09-16 12:59:08 [INFO] __main__: Val df runs from 2024-01-01 00:00:00 to 2025-04-30 00:00:00
2026-09-16 12:59:08 [INFO] __main__: Test df runs from 2025-05-01 00:00:00 to 2026-08-01 00:00:00
2026-09-16 12:59:08 [INFO] tours.models: Naive forecast: last value = 184.5
2026-09-16 13:03:46 [INFO] tours.dataset: Train df runs from 2018-01-01 00:00:00 to 2023-12-31 00:00:00
2026-09-16 13:03:46 [INFO] tours.dataset: Val df runs from 2024-01-01 00:00:00 to 2025-04-30 00:00:00
2026-09-16 13:03:46 [INFO] tours.dataset: Test df runs from 2025-05-01 00:00:00 to 2026-08-01 00:00:00
2026-09-16 13:03:47 [INFO] tours.dataset: Train df runs from 2018-01-01 00:00:00 to 2023-12-31 00:00:00
2026-09-16 13:03:47 [INFO] tours.dataset: Val df runs from 2024-01-01 00:00:00 to 2025-04-30 00:00:00
2026-09-16 13:03:47 [INFO] tours.dataset: Test df runs from 2025-05-01 00:00:00 to 2026-08-01 00:00:00
2026-09-16 14:02:46 [INFO] tours.dataset: Train df runs from 2018-01-01 00:00:00 to 2023-12-31 00:00:00
2026-09-16 14:02:46 [INFO] tours.dataset: Val df runs from 2024-01-01 00:00:00 to 2025-04-30 00:00:00
2026-09-16 14:02:46 [INFO] tours.dataset: Test df runs from 2025-05-01 00:00:00 to 2026-08-01 00:00:00
2026-09-16 14:02:48 [INFO] __main__: Train df runs from 2018-01-01 00:00:00 to 2023-12-31 00:00:00
2026-09-16 14:02:48 [INFO] __main__: Val df runs from 2024-01-01 00:00:00 to 2025-04-30 00:00:00
2026-09-16 14:02:48 [INFO] __main__: Test df runs from 2025-05-01 00:00:00 to 2026-08-01 00:00:00
2026-09-16 14:02:50 [INFO] __main__: Train df runs from 2018-01-01 00:00:00 to 2023-12-31 00:00:00
2026-09-16 14:02:50 [INFO] __main__: Val df runs from 2024-01-01 00:00:00 to 2025-04-30 00:00:00
2026-09-16 14:02:50 [INFO] __main__: Test df runs from 2025-05-01 00:00:00 to 2026-08-01 00:00:00
2026-09-16 14:02:50 [INFO] tours.models: Naive forecast: last value = 184.5
2026-09-16 14:50:01 [INFO] tours.dataset: Train df runs from 2018-01-01 00:00:00 to 2023-12-31 00:00:00
2026-09-16 14:50:01 [INFO] tours.dataset: Val df runs from 2024-01-01 00:00:00 to 2025-04-30 00:00:00
2026-09-16 14:50:01 [INFO] tours.dataset: Test df runs from 2025-05-01 00:00:00 to 2026-08-01 00:00:00
2026-09-16 14:50:01 [INFO] __main__: Train df runs from 2018-01-01 00:00:00 to 2023-12-31 00:00:00
2026-09-16 14:50:01 [INFO] __main__: Val df runs from 2024-01-01 00:00:00 to 2025-04-30 00:00:00
2026-09-16 14:50:01 [INFO] __main__: Test df runs from 2025-05-01 00:00:00 to 2026-08-01 00:00:00
2026-09-16 14:50:25 [INFO] tours.dataset: Train df runs from 2018-01-01 00:00:00 to 2023-12-31 00:00:00
2026-09-16 14:50:25 [INFO] tours.dataset: Val df runs from 2024-01-01 00:00:00 to 2025-04-30 00:00:00
2026-09-16 14:50:25 [INFO] tours.dataset: Test df runs from 2025-05-01 00:00:00 to 2026-08-01 00:00:00
2026-09-16 14:50:27 [INFO] __main__: Train df runs from 2018-01-01 00:00:00 to 2023-12-31 00:00:00
2026-09-16 14:50:27 [INFO] __main__: Val df runs from 2024-01-01 00:00:00 to 2025-04-30 00:00:00
2026-09-16 14:50:27 [INFO] __main__: Test df runs from 2025-05-01 00:00:00 to 2026-08-01 00:00:00
2026-09-16 14:51:42 [INFO] tours.dataset: Train df runs from 2018-01-01 00:00:00 to 2023-12-31 00:00:00
2026-09-16 14:51:42 [INFO] tours.dataset: Val df runs from 2024-01-01 00:00:00 to 2025-04-30 00:00:00
2026-09-16 14:51:42 [INFO] tours.dataset: Test df runs from 2025-05-01 00:00:00 to 2026-08-01 00:00:00
2026-09-16 14:51:44 [INFO] __main__: Train df runs from 2018-01-01 00:00:00 to 2023-12-31 00:00:00
2026-09-16 14:51:44 [INFO] __main__: Val df runs from 2024-01-01 00:00:00 to 2025-04-30 00:00:00
2026-09-16 14:51:44 [INFO] __main__: Test df runs from 2025-05-01 00:00:00 to 2026-08-01 00:00:00
2026-09-16 14:54:40 [INFO] tours.dataset: Train df runs from 2018-01-01 00:00:00 to 2023-12-31 00:00:00
2026-09-16 14:54:40 [INFO] tours.dataset: Val df runs from 2024-01-01 00:00:00 to 2025-04-30 00:00:00
2026-09-16 14:54:40 [INFO] tours.dataset: Test df runs from 2025-05-01 00:00:00 to 2026-08-01 00:00:00
2026-09-16 14:54:42 [INFO] __main__: Train df runs from 2018-01-01 00:00:00 to 2023-12-31 00:00:00
2026-09-16 14:54:42 [INFO] __main__: Val df runs from 2024-01-01 00:00:00 to 2025-04-30 00:00:00
2026-09-16 14:54:42 [INFO] __main__: Test df runs from 2025-05-01 00:00:00 to 2026-08-01 00:00:00
2026-09-16 14:54:53 [INFO] tours.dataset: Train df runs from 2018-01-01 00:00:00 to 2023-12-31 00:00:00
2026-09-16 14:54:53 [INFO] tours.dataset: Val df runs from 2024-01-01 00:00:00 to 2025-04-30 00:00:00
2026-09-16 14:54:53 [INFO] tours.dataset: Test df runs from 2025-05-01 00:00:00 to 2026-08-01 00:00:00
2026-09-16 14:54:54 [INFO] __main__: Train df runs from 2018-01-01 00:00:00 to 2023-12-31 00:00:00
2026-09-16 14:54:54 [INFO] __main__: Val df runs from 2024-01-01 00:00:00 to 2025-04-30 00:00:00
2026-09-16 14:54:54 [INFO] __main__: Test df runs from 2025-05-01 00:00:00 to 2026-08-01 00:00:00
2026-09-16 14:56:08 [INFO] tours.dataset: Train df runs from 2018-01-01 00:00:00 to 2023-12-31 00:00:00
2026-09-16 14:56:08 [INFO] tours.dataset: Val df runs from 2024-01-01 00:00:00 to 2025-04-30 00:00:00
2026-09-16 14:56:08 [INFO] tours.dataset: Test df runs from 2025-05-01 00:00:00 to 2026-08-01 00:00:00
2026-09-16 14:56:10 [INFO] __main__: Train df runs from 2018-01-01 00:00:00 to 2023-12-31 00:00:00
2026-09-16 14:56:10 [INFO] __main__: Val df runs from 2024-01-01 00:00:00 to 2025-04-30 00:00:00
2026-09-16 14:56:10 [INFO] __main__: Test df runs from 2025-05-01 00:00:00 to 2026-08-01 00:00:00
2026-09-17 10:37:24 [INFO] tours.dataset: Train df runs from 2018-01-01 00:00:00 to 2023-12-31 00:00:00
2026-09-17 10:37:24 [INFO] tours.dataset: Val df runs from 2024-01-01 00:00:00 to 2025-04-30 00:00:00
2026-09-17 10:37:24 [INFO] tours.dataset: Test df runs from 2025-05-01 00:00:00 to 2026-08-01 00:00:00
2026-09-17 10:37:26 [INFO] __main__: Train df runs from 2018-01-01 00:00:00 to 2023-12-31 00:00:00
2026-09-17 10:37:26 [INFO] __main__: Val df runs from 2024-01-01 00:00:00 to 2025-04-30 00:00:00
2026-09-17 10:37:26 [INFO] __main__: Test df runs from 2025-05-01 00:00:00 to 2026-08-01 00:00:00
2026-09-17 11:29:59 [INFO] tours.dataset: Train df runs from 2018-01-01 00:00:00 to 2023-12-31 00:00:00
2026-09-17 11:29:59 [INFO] tours.dataset: Val df runs from 2024-01-01 00:00:00 to 2025-04-30 00:00:00
2026-09-17 11:29:59 [INFO] tours.dataset: Test df runs from 2025-05-01 00:00:00 to 2026-08-01 00:00:00
2026-09-17 11:30:00 [INFO] __main__: Train df runs from 2018-01-01 00:00:00 to 2023-12-31 00:00:00
2026-09-17 11:30:00 [INFO] __main__: Val df runs from 2024-01-01 00:00:00 to 2025-04-30 00:00:00
2026-09-17 11:30:00 [INFO] __main__: Test df runs from 2025-05-01 00:00:00 to 2026-08-01 00:00:00
2026-09-17 11:30:45 [INFO] tours.dataset: Train df runs from 2018-01-01 00:00:00 to 2023-12-31 00:00:00
2026-09-17 11:30:45 [INFO] tours.dataset: Val df runs from 2024-01-01 00:00:00 to 2025-04-30 00:00:00
2026-09-17 11:30:45 [INFO] tours.dataset: Test df runs from 2025-05-01 00:00:00 to 2026-08-01 00:00:00
2026-09-17 11:30:46 [INFO] __main__: Train df runs from 2018-01-01 00:00:00 to 2023-12-31 00:00:00
2026-09-17 11:30:46 [INFO] __main__: Val df runs from 2024-01-01 00:00:00 to 2025-04-30 00:00:00
2026-09-17 11:30:46 [INFO] __main__: Test df runs from 2025-05-01 00:00:00 to 2026-08-01 00:00:00
2026-09-17 12:11:39 [INFO] tours.dataset: Train df runs from 2018-01-01 00:00:00 to 2023-12-31 00:00:00
2026-09-17 12:11:39 [INFO] tours.dataset: Val df runs from 2024-01-01 00:00:00 to 2025-04-30 00:00:00
2026-09-17 12:11:39 [INFO] tours.dataset: Test df runs from 2025-05-01 00:00:00 to 2026-08-01 00:00:00
2026-09-17 12:11:41 [INFO] __main__: Train df runs from 2018-01-01 00:00:00 to 2023-12-31 00:00:00
2026-09-17 12:11:41 [INFO] __main__: Val df runs from 2024-01-01 00:00:00 to 2025-04-30 00:00:00
2026-09-17 12:11:41 [INFO] __main__: Test df runs from 2025-05-01 00:00:00 to 2026-08-01 00:00:00
2026-09-26 21:57:29 [INFO] tours.dataset: Train df runs from 2018-01-01 00:00:00 to 2023-12-31 00:00:00
2026-09-26 21:57:29 [INFO] tours.dataset: Val df runs from 2024-01-01 00:00:00 to 2025-04-30 00:00:00
2026-09-26 21:57:29 [INFO] tours.dataset: Test df runs from 2025-05-01 00:00:00 to 2026-08-01 00:00:00
2026-09-26 21:57:31 [INFO] __main__: Train df runs from 2018-01-01 00:00:00 to 2023-12-31 00:00:00
2026-09-26 21:57:31 [INFO] __main__: Val df runs from 2024-01-01 00:00:00 to 2025-04-30 00:00:00
2026-09-26 21:57:31 [INFO] __main__: Test df runs from 2025-05-01 00:00:00 to 2026-08-01 00:00:00
